// 重构日志: 91481a1b
// 同步 ID: 30d5fb08 @ Fri Jul 24 22:34:19 UTC 2026
// 同步 ID: 37ba4a15 @ Sat Jul 25 08:03:09 UTC 2026
// 重构日志: 4c815506
// 重构日志: 510261f9
// 重构日志: 7b65c948
// 同步 ID: de35ac74 @ Sun Jul 26 11:53:10 UTC 2026
// 重构日志: efcb8dd8
// 重构日志: 37b4bc5d
// 重构日志: 4c267741
// 重构日志: e391bab1
// 重构日志: c92122ae
// 重构日志: c52fe1b1
// 同步 ID: d329b0f7 @ Thu Jul 30 07:34:50 UTC 2026
// 同步 ID: 4200d771 @ Fri Jul 31 08:35:39 UTC 2026
// 重构日志: b2fa08a5
// 重构日志: 7341c4d9
// 同步 ID: 40a09d7f @ Mon Aug  3 09:24:15 UTC 2026
// 重构日志: b6a2f082
// 重构日志: f2f7ea40
// 同步 ID: 15b01d9e @ Tue Aug  4 15:41:14 UTC 2026
// 重构日志: 9cf47f65
// 重构日志: ee613f74
// 同步 ID: 134f2ba2 @ Wed Aug  5 18:11:25 UTC 2026
// 同步 ID: 6aab16ee @ Wed Aug  5 20:14:40 UTC 2026
// 重构日志: 687a60b6
// 同步 ID: 867aba3d @ Fri Aug  7 04:13:49 UTC 2026
// 同步 ID: 2a5e7976 @ Fri Aug  7 06:04:48 UTC 2026
// 同步 ID: 96a31843 @ Fri Aug  7 14:10:41 UTC 2026
// 同步 ID: f630a3ba @ Fri Aug  7 15:45:16 UTC 2026
